apiVersion: infrastructure.cluster.x-k8s.io/v1alpha3
kind: AzureMachine
metadata:
  creationTimestamp: null
  labels:
    azure-operator.giantswarm.io/version: 4.2.0
    cluster.x-k8s.io/cluster-name: ""
    cluster.x-k8s.io/control-plane: "true"
    giantswarm.io/cluster: c6fme
    giantswarm.io/organization: ""
    release.giantswarm.io/version: 12.0.0
  name: c6fme-master-0
  namespace: default
  resourceVersion: "2"
spec:
  availabilityZone: {}
  failureDomain: "1"
  image:
    marketplace:
      offer: flatcar-container-linux-free
      publisher: kinvolk
      sku: stable
      version: 2345.3.1
  location: westeurope
  osDisk:
    diskSizeGB: 50
    managedDisk:
      storageAccountType: Premium_LRS
    osType: Linux
  sshPublicKey: ssh-rsa foobarbaz== foobar
  vmSize: Standard_D4s_v3
status:
  ready: false
