typemeta:
  kind: AzureMachine
  apiversion: infrastructure.cluster.x-k8s.io/v1alpha3
objectmeta:
  name: -master-0
  generatename: ""
  namespace: ""
  selflink: ""
  uid: ""
  resourceversion: "1"
  generation: 0
  creationtimestamp: "0001-01-01T00:00:00Z"
  deletiontimestamp: null
  deletiongraceperiodseconds: null
  labels:
    azure-operator.giantswarm.io/version: ""
    cluster.x-k8s.io/cluster-name: ""
    cluster.x-k8s.io/control-plane: "true"
    giantswarm.io/cluster: ""
    giantswarm.io/organization: ""
    release.giantswarm.io/version: ""
  annotations: {}
  ownerreferences: []
  finalizers: []
  clustername: ""
  managedfields: []
spec:
  providerid: null
  vmsize: ""
  failuredomain: null
  availabilityzone:
    id: null
    enabled: null
  image:
    id: null
    sharedgallery: null
    marketplace:
      publisher: kinvolk
      offer: flatcar-container-linux-free
      sku: stable
      version: 2345.3.1
  identity: ""
  userassignedidentities: []
  osdisk:
    ostype: Linux
    disksizegb: 50
    manageddisk:
      storageaccounttype: Premium_LRS
    diffdisksettings: null
  datadisks: []
  location: westeurope
  sshpublickey: ""
  additionaltags: {}
  allocatepublicip: false
  acceleratednetworking: null
  spotvmoptions: null
status:
  ready: false
  addresses: []
  vmstate: null
  failurereason: null
  failuremessage: null
  conditions: []
