typemeta:
  kind: Cluster
  apiversion: cluster.x-k8s.io/v1alpha3
objectmeta:
  name: ""
  generatename: ""
  namespace: ""
  selflink: ""
  uid: ""
  resourceversion: "2"
  generation: 0
  creationtimestamp: "0001-01-01T00:00:00Z"
  deletiontimestamp: null
  deletiongraceperiodseconds: null
  labels:
    azure-operator.giantswarm.io/version: ""
    cluster-operator.giantswarm.io/version: ""
    cluster.x-k8s.io/cluster-name: ""
    giantswarm.io/cluster: ""
    giantswarm.io/organization: ""
    release.giantswarm.io/version: ""
  annotations: {}
  ownerreferences: []
  finalizers: []
  clustername: ""
  managedfields: []
spec:
  paused: false
  clusternetwork:
    apiserverport: 0
    services:
      cidrblocks:
      - ""
    pods: null
    servicedomain: c6fme.k8s.ghost.westeurope.azure.gigantic.io
  controlplaneendpoint:
    host: api.c6fme.k8s.ghost.westeurope.azure.gigantic.io
    port: 443
  controlplaneref: null
  infrastructureref:
    kind: AzureCluster
    namespace: ""
    name: ""
    uid: ""
    apiversion: ""
    resourceversion: ""
    fieldpath: ""
status:
  failuredomains: {}
  failurereason: null
  failuremessage: null
  phase: ""
  infrastructureready: false
  controlplaneinitialized: false
  controlplaneready: false
  conditions: []
  observedgeneration: 0
