apiVersion: cluster.x-k8s.io/v1beta1
kind: MachinePool
metadata:
  annotations:
    cluster.k8s.io/cluster-api-autoscaler-node-group-max-size: "3"
    cluster.k8s.io/cluster-api-autoscaler-node-group-min-size: "1"
    machine-pool.giantswarm.io/name: Non-spot
    release.giantswarm.io/last-deployed-version: 16.1.2
  creationTimestamp: null
  finalizers:
  - operatorkit.giantswarm.io/azure-operator-machine-pool-controller
  labels:
    azure-operator.giantswarm.io/version: 5.12.0
    cluster-operator.giantswarm.io/version: 0.23.22
    cluster.x-k8s.io/cluster-name: 5jka7
    giantswarm.io/cluster: 5jka7
    giantswarm.io/machine-pool: 5suzw
    giantswarm.io/organization: giantswarm
    release.giantswarm.io/version: 16.1.2
  name: 5suzw
  namespace: org-giantswarm
  ownerReferences:
  - apiVersion: cluster.x-k8s.io/v1beta1
    kind: Cluster
    name: 5jka7
    uid: a1ca3846-b3ea-4449-9c7a-118a8a08a39e
  resourceVersion: "2"
spec:
  clusterName: 5jka7
  failureDomains:
  - "3"
  minReadySeconds: 0
  providerIDList:
  - azure:///subscriptions/123abc45-678d-89e0-123f-eb35cae23c6a/resourceGroups/5jka7/providers/Microsoft.Compute/virtualMachineScaleSets/nodepool-5suzw/virtualMachines/19
  - azure:///subscriptions/123abc45-678d-89e0-123f-eb35cae23c6a/resourceGroups/5jka7/providers/Microsoft.Compute/virtualMachineScaleSets/nodepool-5suzw/virtualMachines/23
  - azure:///subscriptions/123abc45-678d-89e0-123f-eb35cae23c6a/resourceGroups/5jka7/providers/Microsoft.Compute/virtualMachineScaleSets/nodepool-5suzw/virtualMachines/25
  replicas: 1
  template:
    metadata: {}
    spec:
      bootstrap:
        configRef:
          apiVersion: core.giantswarm.io/v1alpha1
          kind: Spark
          name: 5suzw
          namespace: org-giantswarm
          resourceVersion: "306655045"
          uid: d660fbd4-5cea-4b15-810f-13f52c041b5e
      clusterName: 5jka7
      infrastructureRef:
        apiVersion: infrastructure.cluster.x-k8s.io/v1beta1
        kind: AzureMachinePool
        name: 5suzw
        namespace: org-giantswarm
        resourceVersion: "306655044"
        uid: 03a9de15-35ec-4959-b73a-e404b9acf69c
status:
  availableReplicas: 3
  bootstrapReady: false
  conditions:
  - lastTransitionTime: "2022-02-04T16:30:48Z"
    status: "True"
    type: Ready
  - lastTransitionTime: "2021-02-22T17:26:28Z"
    message: Creation has been completed in 4m55.032560757s
    reason: CreationCompleted
    severity: Info
    status: "False"
    type: Creating
  - lastTransitionTime: "2022-02-04T16:30:48Z"
    status: "True"
    type: InfrastructureReady
  - lastTransitionTime: "2022-01-01T17:48:45Z"
    status: "True"
    type: ReplicasReady
  - lastTransitionTime: "2021-12-22T09:38:50Z"
    message: Upgrade has been completed in 4.905102529s
    reason: UpgradeCompleted
    severity: Info
    status: "False"
    type: Upgrading
  infrastructureReady: true
  nodeRefs:
  - name: nodepool-5suzw-00000j
    uid: 33bc6d61-6eb2-462b-885e-bab35b15c461
  - name: nodepool-5suzw-00000n
    uid: d6ba1946-caa2-4cbf-9186-9eeb60be4c61
  - name: nodepool-5suzw-00000p
    uid: 4b1e7f48-d3f0-4524-ac19-ec2a3da729f0
  readyReplicas: 3
  replicas: 3
