apiVersion: infrastructure.cluster.x-k8s.io/v1alpha3
kind: AzureCluster
metadata:
  annotations:
    cluster.giantswarm.io/description: my-test-cluster
  creationTimestamp: null
  labels:
    azure-operator.giantswarm.io/version: 4.2.0
    cluster.x-k8s.io/cluster-name: c6fme
    giantswarm.io/cluster: c6fme
    giantswarm.io/organization: giantswarm
    release.giantswarm.io/version: 12.0.0
  name: c6fme
  namespace: org-giantswarm
  resourceVersion: "1"
spec:
  controlPlaneEndpoint:
    host: api.c6fme.k8s.ghost.westeurope.azure.gigantic.io
    port: 443
  location: westeurope
  networkSpec:
    apiServerLB:
      frontendIPs:
      - name: c6fme-API-PublicLoadBalancer-Frontend
      name: c6fme-API-PublicLoadBalancer
      sku: Standard
      type: Public
    vnet:
      cidrBlocks:
      - 10.10.0.0/16
      name: c6fme-VirtualNetwork
      resourceGroup: c6fme
  resourceGroup: c6fme
status:
  ready: false
